python3 tools/build_data.py
{
  "classes": 55,
  "characters": 49,
  "skills": 91,
  "weapons": 138,
  "items": 59,
  "chapters": 76
}
python3 tools/enrich_data.py
{'supports': 316, 'support_conflicts': 0, 'enemies': 22, 'skills': 103, 'obtainability_weapons': 107}
python3 tools/phase2_data.py
{"enemy_templates": 1104, "partial_waves": 54, "Lunatic_maps": 36, "Hard_metadata_maps": 45, "anomalies": 0}
python3 tools/validate_data.py
{
  "passed": true,
  "counts": {
    "characters": 49,
    "classes": 55,
    "weapons": 138,
    "items": 59,
    "skills": 103,
    "chapters": 76,
    "enemies": 1104,
    "support_edges": 316,
    "shops": 48,
    "merchants": 49,
    "renown": 33,
    "merchant_rare_pool": 1,
    "sources": 198
  },
  "coverage": {
    "chapters_by_kind": {
      "main": 28,
      "paralogue": 23,
      "DLC": 25
    },
    "map_difficulty_slots": 304,
    "unresearched_map_difficulty_slots": 100,
    "verified_safe_reinforcement_schedules": 0,
    "weapons_with_obtainability": 107
  },
  "errors": [],
  "warnings": [
    "merchant: missing class growths (enemy/NPC)",
    "revenant: missing class growths (enemy/NPC)",
    "entombed: missing class growths (enemy/NPC)",
    "grima: missing class growths (enemy/NPC)",
    "Most facts are single-source transcriptions; validation cannot prove game accuracy.",
    "All map schedules lack complete tactical verification.",
    "Conditional child recruitment stats/classes/caps require actual parents.",
    "Legacy SpotPass/DLC bonus character catalogs are incomplete.",
    "Economy/world tables retained as unreviewed factual rows."
  ]
}
